// Jest Snapshot v1, https://goo.gl/fbAQLP

exports[`Grid Component Should render 1`] = `
<div
  class="no-focus css-ftf61z"
>
  <div
    class="css-p29iif"
  />
  <div
    class="css-1mxigzc-Grid"
  />
</div>
`;
