// Jest Snapshot v1, https://goo.gl/fbAQLP

exports[`SideNavigationItem component renders 1`] = `
<div
  className="css-8jobry"
>
  Hi, I'm an Item
</div>
`;
