// Jest Snapshot v1, https://goo.gl/fbAQLP

exports[`ColorPicker Should initialize properly 1`] = `
<ColorPicker
  color="#03f"
  size={16}
>
  <div
    onClick={[Function]}
  >
    <glamorous(div)
      color="#03f"
      size={16}
    >
      <div
        className="css-ebsmcl"
      />
    </glamorous(div)>
  </div>
</ColorPicker>
`;
