// Jest Snapshot v1, https://goo.gl/fbAQLP

exports[`Message Component Should render 1`] = `
<div
  class="css-ftf61z"
>
  <div
    class="css-p29iif"
  />
  <div
    class="css-imevwx"
  >
    <div
      class="css-q9kd00"
    >
      <svg
        fill="currentColor"
        height="18"
        style="margin-left:0;margin-right:0;cursor:default;transition:fill .075s ease"
        viewBox="0 0 9.47 9.47"
        width="18"
      >
        <path
          d="M5.44 4.74L9.33.85a.5.5 0 0 0 0-.7.5.5 0 0 0-.71 0L4.74 4 .85.15a.48.48 0 0 0-.7 0 .48.48 0 0 0 0 .7L4 4.74.15 8.62a.5.5 0 0 0 .35.85.5.5 0 0 0 .35-.14l3.89-3.89 3.88 3.89a.52.52 0 0 0 .38.14.54.54 0 0 0 .36-.14.51.51 0 0 0 0-.71z"
        />
      </svg>
    </div>
  </div>
</div>
`;
