// Jest Snapshot v1, https://goo.gl/fbAQLP

exports[`Fieldset Component Should render 1`] = `
<fieldset
  class="css-5u6dkf"
>
  <legend
    class="css-1l8opoi"
  />
</fieldset>
`;
