// Jest Snapshot v1, https://goo.gl/fbAQLP

exports[`Tree Component Should intialize without problems 1`] = `
<div
  class="css-ar73w8-Messages"
/>
`;
