// Jest Snapshot v1, https://goo.gl/fbAQLP

exports[`SideNavigation component renders 1`] = `
<bound 
  className="css-1dtsj4"
  expandOnHover={false}
  expandedWidth={280}
  fix={false}
  width={64}
/>
`;
