// Jest Snapshot v1, https://goo.gl/fbAQLP

exports[`SideNavigationTooltip component renders 1`] = `
<div
  className="css-8dqkre tooltip"
>
  Hi, I'm a Link
</div>
`;
