// Jest Snapshot v1, https://goo.gl/fbAQLP

exports[`SideNavigationLink Should render properly 1`] = `
<div
  className="hi"
>
  Hi, I'm a Link
</div>
`;
