// Jest Snapshot v1, https://goo.gl/fbAQLP

exports[`ButtonGroup Component Should initialize properly 1`] = `
<div
  class="css-1h5oz0d-buttongroup"
>
  <button
    class="css-1iqekuh-button"
  >
    Hello
  </button>
</div>
`;
