// Jest Snapshot v1, https://goo.gl/fbAQLP

exports[`Card Should render 1`] = `
<div
  class="css-1kib0qi"
>
  hi
</div>
`;
