// Jest Snapshot v1, https://goo.gl/fbAQLP

exports[`ColorPicker Should initialize properly 1`] = `
<div
  class="css-ih7tap"
>
  <button
    class="css-zzm73f"
  >
    #03f
  </button>
</div>
`;
