// Jest Snapshot v1, https://goo.gl/fbAQLP

exports[`Fieldset Component Should render 1`] = `
<fieldset
  class="css-3fkjwm"
>
  <legend
    class="css-1o5dvof"
  />
</fieldset>
`;
