// Jest Snapshot v1, https://goo.gl/fbAQLP

exports[`Switch Should render 1`] = `
<div
  class="css-1bzrg5j-switch"
>
  <div
    class="css-kabsqu"
  />
  <div
    class="css-8qt210"
  />
</div>
`;
