// Jest Snapshot v1, https://goo.gl/fbAQLP

exports[`Table Component Should render 1`] = `
<div
  class="css-cmhidp"
>
  <table
    class="css-kqd5vo"
  >
    <thead>
      <tr />
    </thead>
    <tbody />
  </table>
  <div
    class="css-30piuf"
  >
    There are no records available
  </div>
</div>
`;
