// Jest Snapshot v1, https://goo.gl/fbAQLP

exports[`InfoTile Should render 1`] = `
<div
  class="css-1naufuj"
>
  <small
    class="css-1u50kn8"
  >
    Country
  </small>
  <div
    class="css-1x16d7v"
  >
    DE
  </div>
</div>
`;
