// Jest Snapshot v1, https://goo.gl/fbAQLP

exports[`withTooltip Higher-Order Component Should return a component 1`] = `
<div
  className="undefined_has-tooltip"
  onMouseEnter={[Function]}
  onMouseLeave={[Function]}
>
  <glamorous.Div
    tooltipAnchor="top"
  />
</div>
`;
