// Jest Snapshot v1, https://goo.gl/fbAQLP

exports[`Header Header component renders 1`] = `
<ThemeProvider
  theme={
    Object {
      "baseZIndex": 0,
      "colors": Object {
        "black": "#000000",
        "error": "#DE1A1A",
        "grey10": "#F5F5F5",
        "grey20": "#F1F1F1",
        "grey30": "#D0D9E5",
        "grey40": "#C6D1E1",
        "grey50": "#BBCADC",
        "grey60": "#999999",
        "grey70": "#8092B0",
        "grey80": "#747474",
        "grey90": "#445873",
        "info": "#1499CE",
        "success": "#689F2C",
        "warning": "#FFAE00",
        "white": "#FFFFFF",
      },
      "spacing": 12,
      "typography": Object {
        "body": Object {
          "fontSize": 13,
          "fontWeight": 400,
          "letterSpacing": 0.2,
          "lineHeight": "1.5",
          "opacity": 1,
          "textTransform": "none",
        },
        "heading1": Object {
          "fontSize": 13,
          "fontWeight": 700,
          "letterSpacing": 0.2,
          "lineHeight": "1.5",
          "opacity": 1,
          "textTransform": "none",
        },
        "heading2": Object {
          "fontSize": 13,
          "fontWeight": 700,
          "letterSpacing": 0.2,
          "lineHeight": "1.5",
          "opacity": 0.6,
          "textTransform": "none",
        },
        "small": Object {
          "fontSize": 12,
          "fontWeight": 400,
          "letterSpacing": 0.2,
          "lineHeight": "1.5",
          "opacity": 1,
          "textTransform": "none",
        },
      },
    }
  }
>
  <glamorous(Header)
    className="hi"
  >
    Hello
  </glamorous(Header)>
</ThemeProvider>
`;
