// Jest Snapshot v1, https://goo.gl/fbAQLP

exports[`SidebarItem Should initialize 1`] = `
<div
  class="undefined  "
>
  <div
    class="header "
  />
</div>
`;
