// Jest Snapshot v1, https://goo.gl/fbAQLP

exports[`Paginator Component Should initialize properly 1`] = `
<div
  class="css-1ef2t77"
>
  <div
    class="css-1f5s5d"
    style="display:flex;user-select:none"
  >
    <div
      class="css-13uzrop"
      role="button"
      tabindex="-1"
    >
      <svg
        height="11"
        viewbox="0 0 24 24"
        width="11"
        xmlns="http://www.w3.org/2000/svg"
      >
        <polyline
          fill="none"
          points="11 17 6 12 11 7"
          stroke="currentColor"
          stroke-linecap="round"
          stroke-linejoin="round"
          stroke-width="2"
        />
        <polyline
          fill="none"
          points="18 17 13 12 18 7"
          stroke="currentColor"
          stroke-linecap="round"
          stroke-linejoin="round"
          stroke-width="2"
        />
      </svg>
    </div>
    <div
      class="css-13uzrop"
      role="button"
      tabindex="-1"
    >
      <svg
        fill="none"
        height="11"
        stroke="currentColor"
        stroke-linecap="round"
        stroke-linejoin="round"
        stroke-width="2"
        viewbox="0 0 24 24"
        width="11"
        xmlns="http://www.w3.org/2000/svg"
      >
        <polyline
          points="15 18 9 12 15 6"
        />
      </svg>
    </div>
    <div
      class="css-13al2u6"
      role="button"
      tabindex="-1"
    >
      1
    </div>
    <div
      class="css-13uzrop"
      role="button"
      tabindex="-1"
    >
      2
    </div>
    <div
      class="css-13uzrop"
      role="button"
      tabindex="-1"
    >
      3
    </div>
    <div
      class="css-13uzrop"
      role="button"
      tabindex="-1"
    >
      4
    </div>
    <div
      class="css-13uzrop"
      role="button"
      tabindex="-1"
    >
      5
    </div>
    <div
      class="css-13uzrop"
      role="button"
      tabindex="-1"
    >
      ...
    </div>
    <div
      class="css-13uzrop"
      role="button"
      tabindex="-1"
    >
      10
    </div>
    <div
      class="css-13uzrop"
      role="button"
      tabindex="-1"
    >
      <svg
        fill="none"
        height="11"
        stroke="currentColor"
        stroke-linecap="round"
        stroke-linejoin="round"
        stroke-width="2"
        viewbox="0 0 24 24"
        width="11"
        xmlns="http://www.w3.org/2000/svg"
      >
        <polyline
          points="9 18 15 12 9 6"
        />
      </svg>
    </div>
    <div
      class="css-13uzrop"
      role="button"
      tabindex="-1"
    >
      <svg
        height="11"
        viewbox="0 0 24 24"
        width="11"
        xmlns="http://www.w3.org/2000/svg"
      >
        <polyline
          fill="none"
          points="13 17 18 12 13 7"
          stroke="currentColor"
          stroke-linecap="round"
          stroke-linejoin="round"
          stroke-width="2"
        />
        <polyline
          fill="none"
          points="6 17 11 12 6 7"
          stroke="currentColor"
          stroke-linecap="round"
          stroke-linejoin="round"
          stroke-width="2"
        />
      </svg>
    </div>
  </div>
</div>
`;
