// Jest Snapshot v1, https://goo.gl/fbAQLP

exports[`SimpleLink Component Should initialize properly 1`] = `
<div
  class="css-ftf61z"
>
  <div
    class="css-p29iif"
  />
  <button
    aria-label="Custom color"
    class="css-5eru3u"
    role="button"
  >
    Custom color
    <svg
      class="css-1brfyce"
      fill="currentColor"
      height="12"
      viewBox="0 0 360 360"
      width="12"
    >
      <path
        d="M300,320.187l-260,0l0,-260l160,0l0,40l-120,0l0,180l180,0l0,-120l40,0l0,160Zm40,-200l-40,0l0,-31.715l-85.858,85.858l-28.284,-28.285l85.858,-85.858l-31.716,0l0,-40l100,0l0,100Z"
      />
    </svg>
  </button>
</div>
`;
