// Jest Snapshot v1, https://goo.gl/fbAQLP

exports[`Select Should render correctly 1`] = `
<div
  class="css-ftf61z"
>
  <div
    class="css-p29iif"
  />
  <div
    class="css-ag9c3l-select"
    placeholder="Select me"
    role="listbox"
    tabindex="-2"
  >
    <div
      class="css-thzv76"
    >
      Select me
    </div>
  </div>
</div>
`;
