// Jest Snapshot v1, https://goo.gl/fbAQLP

exports[`Switch Should render 1`] = `
<div
  class="css-ftf61z"
>
  <div
    class="css-p29iif"
  />
  <div
    class="css-1gcg4hk"
  >
    <div
      class="css-1nz7xkz-switch"
    >
      <div
        class="css-1f45nki"
      />
      <div
        class="css-qwklsf"
      />
    </div>
  </div>
</div>
`;
