// Jest Snapshot v1, https://goo.gl/fbAQLP

exports[`Header Header component renders 1`] = `
<header
  class="css-gnindm hi"
>
  Hello
</header>
`;
