// Jest Snapshot v1, https://goo.gl/fbAQLP

exports[`SidebarItem Should initialize 1`] = `
<div
  className="undefined  "
>
  <div
    className="header "
    onClick={[Function]}
  />
</div>
`;
