// Jest Snapshot v1, https://goo.gl/fbAQLP

exports[`SideNavigationItem component renders 1`] = `
<div
  class="css-1vqcugq undefined"
  role="button"
  tabindex="-1"
>
  Hi, I'm an Item
</div>
`;
