// Jest Snapshot v1, https://goo.gl/fbAQLP

exports[`Grid Component Should render 1`] = `
<div
  class="css-1o9b3fq"
/>
`;
