// Jest Snapshot v1, https://goo.gl/fbAQLP

exports[`InfoTile Should render 1`] = `
<div
  class="css-farlai"
>
  <small
    class="css-11y8e93"
  >
    Country
  </small>
  <span>
    DE
  </span>
</div>
`;
