// Jest Snapshot v1, https://goo.gl/fbAQLP

exports[`Tree Component Should intialize without problems 1`] = `
<div
  class="css-ftf61z"
>
  <div
    class="css-ar73w8-Messages"
  />
  <div
    class="css-1i82ydo"
  />
</div>
`;
